[{"type":"updated","oldValue":{"setting1":"Value 1","setting2":200,"setting3":true,"setting6":{"key":"value","doge":{"wow":""}}},"value":{"follow":false,"setting1":"Value 1","setting3":null,"setting4":"blah blah","setting5":{"key5":"value5"},"setting6":{"key":"value","ops":"vops","doge":{"wow":"so much"}}},"key":"common"},{"type":"updated","oldValue":{"baz":"bas","foo":"bar","nest":{"key":"value"}},"value":{"foo":"bar","baz":"bars","nest":"str"},"key":"group1"},{"type":"removed","value":{"abc":12345,"deep":{"id":45}},"key":"group2"},{"type":"added","value":{"deep":{"id":{"number":45}},"fee":100500},"key":"group3"}]